\BOOKMARK [1][-]{section.1}{\376\377\000O\000b\000j\000e\000c\000t\000i\000v\000e\000s}{}% 1
\BOOKMARK [1][-]{section.2}{\376\377\000T\000h\000e\000o\000r\000e\000t\000i\000c\000a\000l\000\040\000B\000a\000c\000k\000g\000r\000o\000u\000n\000d}{}% 2
\BOOKMARK [2][-]{subsection.2.1}{\376\377\000S\000e\000a\000r\000c\000h\000\040\000P\000r\000o\000b\000l\000e\000m\000\040\000F\000o\000r\000m\000u\000l\000a\000t\000i\000o\000n}{section.2}% 3
\BOOKMARK [2][-]{subsection.2.2}{\376\377\000U\000n\000i\000n\000f\000o\000r\000m\000e\000d\000\040\000\050\000B\000l\000i\000n\000d\000\051\000\040\000S\000e\000a\000r\000c\000h}{section.2}% 4
\BOOKMARK [2][-]{subsection.2.3}{\376\377\000I\000n\000f\000o\000r\000m\000e\000d\000\040\000\050\000H\000e\000u\000r\000i\000s\000t\000i\000c\000\051\000\040\000S\000e\000a\000r\000c\000h}{section.2}% 5
\BOOKMARK [2][-]{subsection.2.4}{\376\377\000B\000r\000e\000a\000d\000t\000h\000-\000F\000i\000r\000s\000t\000\040\000S\000e\000a\000r\000c\000h\000\040\000\050\000B\000F\000S\000\051}{section.2}% 6
\BOOKMARK [2][-]{subsection.2.5}{\376\377\000U\000n\000i\000f\000o\000r\000m\000-\000C\000o\000s\000t\000\040\000S\000e\000a\000r\000c\000h\000\040\000\050\000U\000C\000S\000\051}{section.2}% 7
\BOOKMARK [2][-]{subsection.2.6}{\376\377\000D\000e\000p\000t\000h\000-\000F\000i\000r\000s\000t\000\040\000S\000e\000a\000r\000c\000h\000\040\000\050\000D\000F\000S\000\051}{section.2}% 8
\BOOKMARK [2][-]{subsection.2.7}{\376\377\000I\000t\000e\000r\000a\000t\000i\000v\000e\000-\000D\000e\000e\000p\000e\000n\000i\000n\000g\000\040\000D\000F\000S\000\040\000\050\000I\000D\000D\000F\000S\000\051}{section.2}% 9
\BOOKMARK [2][-]{subsection.2.8}{\376\377\000G\000r\000e\000e\000d\000y\000\040\000B\000e\000s\000t\000-\000F\000i\000r\000s\000t\000\040\000S\000e\000a\000r\000c\000h}{section.2}% 10
\BOOKMARK [2][-]{subsection.2.9}{\376\377\000A\000*\000\040\000S\000e\000a\000r\000c\000h}{section.2}% 11
\BOOKMARK [2][-]{subsection.2.10}{\376\377\000T\000h\000e\000\040\000R\000o\000m\000a\000n\000i\000a\000n\000\040\000M\000a\000p\000\040\000P\000r\000o\000b\000l\000e\000m}{section.2}% 12
\BOOKMARK [1][-]{section.3}{\376\377\000P\000r\000o\000g\000r\000a\000m\000\040\0001\000\040\040\024\000\040\000B\000r\000e\000a\000d\000t\000h\000-\000F\000i\000r\000s\000t\000\040\000S\000e\000a\000r\000c\000h\000\040\000\050\000B\000F\000S\000\051}{}% 13
\BOOKMARK [2][-]{subsection.3.1}{\376\377\000P\000r\000o\000b\000l\000e\000m\000\040\000S\000t\000a\000t\000e\000m\000e\000n\000t}{section.3}% 14
\BOOKMARK [2][-]{subsection.3.2}{\376\377\000A\000l\000g\000o\000r\000i\000t\000h\000m}{section.3}% 15
\BOOKMARK [2][-]{subsection.3.3}{\376\377\000P\000y\000t\000h\000o\000n\000\040\000I\000m\000p\000l\000e\000m\000e\000n\000t\000a\000t\000i\000o\000n}{section.3}% 16
\BOOKMARK [2][-]{subsection.3.4}{\376\377\000O\000u\000t\000p\000u\000t}{section.3}% 17
\BOOKMARK [2][-]{subsection.3.5}{\376\377\000D\000i\000s\000c\000u\000s\000s\000i\000o\000n}{section.3}% 18
\BOOKMARK [1][-]{section.4}{\376\377\000P\000r\000o\000g\000r\000a\000m\000\040\0002\000\040\040\024\000\040\000U\000n\000i\000f\000o\000r\000m\000-\000C\000o\000s\000t\000\040\000S\000e\000a\000r\000c\000h\000\040\000\050\000U\000C\000S\000\051}{}% 19
\BOOKMARK [2][-]{subsection.4.1}{\376\377\000P\000r\000o\000b\000l\000e\000m\000\040\000S\000t\000a\000t\000e\000m\000e\000n\000t}{section.4}% 20
\BOOKMARK [2][-]{subsection.4.2}{\376\377\000A\000l\000g\000o\000r\000i\000t\000h\000m}{section.4}% 21
\BOOKMARK [2][-]{subsection.4.3}{\376\377\000P\000y\000t\000h\000o\000n\000\040\000I\000m\000p\000l\000e\000m\000e\000n\000t\000a\000t\000i\000o\000n}{section.4}% 22
\BOOKMARK [2][-]{subsection.4.4}{\376\377\000O\000u\000t\000p\000u\000t}{section.4}% 23
\BOOKMARK [2][-]{subsection.4.5}{\376\377\000D\000i\000s\000c\000u\000s\000s\000i\000o\000n}{section.4}% 24
\BOOKMARK [1][-]{section.5}{\376\377\000P\000r\000o\000g\000r\000a\000m\000\040\0003\000\040\040\024\000\040\000D\000e\000p\000t\000h\000-\000F\000i\000r\000s\000t\000\040\000S\000e\000a\000r\000c\000h\000\040\000\050\000D\000F\000S\000\051}{}% 25
\BOOKMARK [2][-]{subsection.5.1}{\376\377\000P\000r\000o\000b\000l\000e\000m\000\040\000S\000t\000a\000t\000e\000m\000e\000n\000t}{section.5}% 26
\BOOKMARK [2][-]{subsection.5.2}{\376\377\000A\000l\000g\000o\000r\000i\000t\000h\000m}{section.5}% 27
\BOOKMARK [2][-]{subsection.5.3}{\376\377\000P\000y\000t\000h\000o\000n\000\040\000I\000m\000p\000l\000e\000m\000e\000n\000t\000a\000t\000i\000o\000n}{section.5}% 28
\BOOKMARK [2][-]{subsection.5.4}{\376\377\000O\000u\000t\000p\000u\000t}{section.5}% 29
\BOOKMARK [2][-]{subsection.5.5}{\376\377\000D\000i\000s\000c\000u\000s\000s\000i\000o\000n}{section.5}% 30
\BOOKMARK [1][-]{section.6}{\376\377\000P\000r\000o\000g\000r\000a\000m\000\040\0004\000\040\040\024\000\040\000I\000t\000e\000r\000a\000t\000i\000v\000e\000-\000D\000e\000e\000p\000e\000n\000i\000n\000g\000\040\000D\000F\000S\000\040\000\050\000I\000D\000D\000F\000S\000\051}{}% 31
\BOOKMARK [2][-]{subsection.6.1}{\376\377\000P\000r\000o\000b\000l\000e\000m\000\040\000S\000t\000a\000t\000e\000m\000e\000n\000t}{section.6}% 32
\BOOKMARK [2][-]{subsection.6.2}{\376\377\000A\000l\000g\000o\000r\000i\000t\000h\000m}{section.6}% 33
\BOOKMARK [2][-]{subsection.6.3}{\376\377\000P\000y\000t\000h\000o\000n\000\040\000I\000m\000p\000l\000e\000m\000e\000n\000t\000a\000t\000i\000o\000n}{section.6}% 34
\BOOKMARK [2][-]{subsection.6.4}{\376\377\000O\000u\000t\000p\000u\000t}{section.6}% 35
\BOOKMARK [2][-]{subsection.6.5}{\376\377\000D\000i\000s\000c\000u\000s\000s\000i\000o\000n}{section.6}% 36
\BOOKMARK [1][-]{section.7}{\376\377\000P\000r\000o\000g\000r\000a\000m\000\040\0005\000\040\040\024\000\040\000G\000r\000e\000e\000d\000y\000\040\000B\000e\000s\000t\000-\000F\000i\000r\000s\000t\000\040\000S\000e\000a\000r\000c\000h}{}% 37
\BOOKMARK [2][-]{subsection.7.1}{\376\377\000P\000r\000o\000b\000l\000e\000m\000\040\000S\000t\000a\000t\000e\000m\000e\000n\000t}{section.7}% 38
\BOOKMARK [2][-]{subsection.7.2}{\376\377\000A\000l\000g\000o\000r\000i\000t\000h\000m}{section.7}% 39
\BOOKMARK [2][-]{subsection.7.3}{\376\377\000P\000y\000t\000h\000o\000n\000\040\000I\000m\000p\000l\000e\000m\000e\000n\000t\000a\000t\000i\000o\000n}{section.7}% 40
\BOOKMARK [2][-]{subsection.7.4}{\376\377\000O\000u\000t\000p\000u\000t}{section.7}% 41
\BOOKMARK [2][-]{subsection.7.5}{\376\377\000D\000i\000s\000c\000u\000s\000s\000i\000o\000n}{section.7}% 42
\BOOKMARK [1][-]{section.8}{\376\377\000P\000r\000o\000g\000r\000a\000m\000\040\0006\000\040\040\024\000\040\000A\000*\000\040\000S\000e\000a\000r\000c\000h}{}% 43
\BOOKMARK [2][-]{subsection.8.1}{\376\377\000P\000r\000o\000b\000l\000e\000m\000\040\000S\000t\000a\000t\000e\000m\000e\000n\000t}{section.8}% 44
\BOOKMARK [2][-]{subsection.8.2}{\376\377\000A\000l\000g\000o\000r\000i\000t\000h\000m}{section.8}% 45
\BOOKMARK [2][-]{subsection.8.3}{\376\377\000P\000y\000t\000h\000o\000n\000\040\000I\000m\000p\000l\000e\000m\000e\000n\000t\000a\000t\000i\000o\000n}{section.8}% 46
\BOOKMARK [2][-]{subsection.8.4}{\376\377\000O\000u\000t\000p\000u\000t}{section.8}% 47
\BOOKMARK [2][-]{subsection.8.5}{\376\377\000D\000i\000s\000c\000u\000s\000s\000i\000o\000n}{section.8}% 48
\BOOKMARK [1][-]{section.9}{\376\377\000P\000r\000o\000g\000r\000a\000m\000\040\0007\000\040\040\024\000\040\000C\000o\000m\000p\000a\000r\000i\000s\000o\000n\000\040\000o\000f\000\040\000A\000l\000l\000\040\000S\000e\000a\000r\000c\000h\000\040\000A\000l\000g\000o\000r\000i\000t\000h\000m\000s}{}% 49
\BOOKMARK [2][-]{subsection.9.1}{\376\377\000P\000r\000o\000b\000l\000e\000m\000\040\000S\000t\000a\000t\000e\000m\000e\000n\000t}{section.9}% 50
\BOOKMARK [2][-]{subsection.9.2}{\376\377\000O\000u\000t\000p\000u\000t}{section.9}% 51
\BOOKMARK [2][-]{subsection.9.3}{\376\377\000D\000i\000s\000c\000u\000s\000s\000i\000o\000n}{section.9}% 52
\BOOKMARK [1][-]{section.10}{\376\377\000C\000o\000n\000c\000l\000u\000s\000i\000o\000n}{}% 53
