\BOOKMARK [1][-]{section.1}{\376\377\000O\000b\000j\000e\000c\000t\000i\000v\000e\000s}{}% 1
\BOOKMARK [1][-]{section.2}{\376\377\000T\000h\000e\000o\000r\000e\000t\000i\000c\000a\000l\000\040\000B\000a\000c\000k\000g\000r\000o\000u\000n\000d}{}% 2
\BOOKMARK [2][-]{subsection.2.1}{\376\377\000F\000i\000r\000s\000t\000\040\000O\000r\000d\000e\000r\000\040\000P\000r\000e\000d\000i\000c\000a\000t\000e\000\040\000L\000o\000g\000i\000c\000\040\000\050\000F\000O\000P\000L\000\051}{section.2}% 3
\BOOKMARK [2][-]{subsection.2.2}{\376\377\000M\000a\000p\000p\000i\000n\000g\000\040\000F\000O\000P\000L\000\040\000t\000o\000\040\000P\000r\000o\000l\000o\000g}{section.2}% 4
\BOOKMARK [2][-]{subsection.2.3}{\376\377\000I\000n\000f\000e\000r\000e\000n\000c\000e\000\040\000S\000t\000r\000a\000t\000e\000g\000i\000e\000s}{section.2}% 5
\BOOKMARK [3][-]{subsubsection.2.3.1}{\376\377\000B\000a\000c\000k\000w\000a\000r\000d\000\040\000C\000h\000a\000i\000n\000i\000n\000g}{subsection.2.3}% 6
\BOOKMARK [3][-]{subsubsection.2.3.2}{\376\377\000F\000o\000r\000w\000a\000r\000d\000\040\000C\000h\000a\000i\000n\000i\000n\000g}{subsection.2.3}% 7
\BOOKMARK [1][-]{section.3}{\376\377\000P\000r\000o\000g\000r\000a\000m\000\040\0001\000\040\040\024\000\040\000C\000r\000i\000m\000i\000n\000a\000l\000\040\000/\000\040\000W\000e\000a\000p\000o\000n\000s\000\040\000/\000\040\000I\000r\000a\000q\000\040\000P\000r\000o\000b\000l\000e\000m}{}% 8
\BOOKMARK [2][-]{subsection.3.1}{\376\377\000P\000r\000o\000b\000l\000e\000m\000\040\000S\000t\000a\000t\000e\000m\000e\000n\000t}{section.3}% 9
\BOOKMARK [2][-]{subsection.3.2}{\376\377\000F\000O\000P\000L\000\040\000R\000e\000p\000r\000e\000s\000e\000n\000t\000a\000t\000i\000o\000n}{section.3}% 10
\BOOKMARK [2][-]{subsection.3.3}{\376\377\000P\000r\000o\000l\000o\000g\000\040\000I\000m\000p\000l\000e\000m\000e\000n\000t\000a\000t\000i\000o\000n}{section.3}% 11
\BOOKMARK [2][-]{subsection.3.4}{\376\377\000I\000n\000f\000e\000r\000e\000n\000c\000e\000\040\000T\000r\000a\000c\000e\000\040\000\050\000B\000a\000c\000k\000w\000a\000r\000d\000\040\000C\000h\000a\000i\000n\000i\000n\000g\000\051}{section.3}% 12
\BOOKMARK [2][-]{subsection.3.5}{\376\377\000O\000u\000t\000p\000u\000t}{section.3}% 13
\BOOKMARK [2][-]{subsection.3.6}{\376\377\000D\000i\000s\000c\000u\000s\000s\000i\000o\000n}{section.3}% 14
\BOOKMARK [1][-]{section.4}{\376\377\000P\000r\000o\000g\000r\000a\000m\000\040\0002\000\040\040\024\000\040\000M\000o\000n\000k\000e\000y\000-\000B\000a\000n\000a\000n\000a\000\040\000P\000r\000o\000b\000l\000e\000m}{}% 15
\BOOKMARK [2][-]{subsection.4.1}{\376\377\000P\000r\000o\000b\000l\000e\000m\000\040\000S\000t\000a\000t\000e\000m\000e\000n\000t}{section.4}% 16
\BOOKMARK [2][-]{subsection.4.2}{\376\377\000F\000O\000P\000L\000\040\000R\000e\000p\000r\000e\000s\000e\000n\000t\000a\000t\000i\000o\000n}{section.4}% 17
\BOOKMARK [2][-]{subsection.4.3}{\376\377\000P\000r\000o\000l\000o\000g\000\040\000I\000m\000p\000l\000e\000m\000e\000n\000t\000a\000t\000i\000o\000n}{section.4}% 18
\BOOKMARK [2][-]{subsection.4.4}{\376\377\000I\000n\000f\000e\000r\000e\000n\000c\000e\000\040\000T\000r\000a\000c\000e\000\040\000\050\000B\000a\000c\000k\000w\000a\000r\000d\000\040\000C\000h\000a\000i\000n\000i\000n\000g\000\051}{section.4}% 19
\BOOKMARK [2][-]{subsection.4.5}{\376\377\000O\000u\000t\000p\000u\000t}{section.4}% 20
\BOOKMARK [2][-]{subsection.4.6}{\376\377\000D\000i\000s\000c\000u\000s\000s\000i\000o\000n}{section.4}% 21
\BOOKMARK [1][-]{section.5}{\376\377\000A\000s\000s\000i\000g\000n\000m\000e\000n\000t\000\040\0001\000\040\040\024\000\040\000S\000t\000e\000v\000e\000'\000s\000\040\000C\000o\000u\000r\000s\000e\000\040\000P\000r\000e\000f\000e\000r\000e\000n\000c\000e\000\040\000\050\000R\000e\000s\000o\000l\000u\000t\000i\000o\000n\000\051}{}% 22
\BOOKMARK [2][-]{subsection.5.1}{\376\377\000P\000r\000o\000b\000l\000e\000m\000\040\000S\000t\000a\000t\000e\000m\000e\000n\000t}{section.5}% 23
\BOOKMARK [2][-]{subsection.5.2}{\376\377\000F\000O\000P\000L\000\040\000R\000e\000p\000r\000e\000s\000e\000n\000t\000a\000t\000i\000o\000n}{section.5}% 24
\BOOKMARK [2][-]{subsection.5.3}{\376\377\000R\000e\000s\000o\000l\000u\000t\000i\000o\000n\000\040\000P\000r\000o\000o\000f}{section.5}% 25
\BOOKMARK [2][-]{subsection.5.4}{\376\377\000P\000r\000o\000l\000o\000g\000\040\000I\000m\000p\000l\000e\000m\000e\000n\000t\000a\000t\000i\000o\000n}{section.5}% 26
\BOOKMARK [2][-]{subsection.5.5}{\376\377\000O\000u\000t\000p\000u\000t}{section.5}% 27
\BOOKMARK [2][-]{subsection.5.6}{\376\377\000D\000i\000s\000c\000u\000s\000s\000i\000o\000n}{section.5}% 28
\BOOKMARK [1][-]{section.6}{\376\377\000A\000s\000s\000i\000g\000n\000m\000e\000n\000t\000\040\0002\000\040\040\024\000\040\000H\000o\000r\000s\000e\000s\000\040\000a\000n\000d\000\040\000M\000a\000m\000m\000a\000l\000s}{}% 29
\BOOKMARK [2][-]{subsection.6.1}{\376\377\000P\000r\000o\000b\000l\000e\000m\000\040\000S\000t\000a\000t\000e\000m\000e\000n\000t}{section.6}% 30
\BOOKMARK [2][-]{subsection.6.2}{\376\377\000F\000O\000P\000L\000\040\000R\000e\000p\000r\000e\000s\000e\000n\000t\000a\000t\000i\000o\000n}{section.6}% 31
\BOOKMARK [2][-]{subsection.6.3}{\376\377\000P\000r\000o\000l\000o\000g\000\040\000I\000m\000p\000l\000e\000m\000e\000n\000t\000a\000t\000i\000o\000n}{section.6}% 32
\BOOKMARK [2][-]{subsection.6.4}{\376\377\000I\000n\000f\000e\000r\000e\000n\000c\000e\000\040\000T\000r\000a\000c\000e}{section.6}% 33
\BOOKMARK [2][-]{subsection.6.5}{\376\377\000O\000u\000t\000p\000u\000t}{section.6}% 34
\BOOKMARK [2][-]{subsection.6.6}{\376\377\000D\000i\000s\000c\000u\000s\000s\000i\000o\000n}{section.6}% 35
\BOOKMARK [1][-]{section.7}{\376\377\000A\000s\000s\000i\000g\000n\000m\000e\000n\000t\000\040\0003\000\040\040\024\000\040\000S\000t\000u\000d\000e\000n\000t\000\040\000E\000v\000a\000l\000u\000a\000t\000i\000o\000n\000\040\000\050\000F\000o\000r\000w\000a\000r\000d\000\040\000\046\000\040\000B\000a\000c\000k\000w\000a\000r\000d\000\040\000C\000h\000a\000i\000n\000i\000n\000g\000\051}{}% 36
\BOOKMARK [2][-]{subsection.7.1}{\376\377\000P\000r\000o\000b\000l\000e\000m\000\040\000S\000t\000a\000t\000e\000m\000e\000n\000t}{section.7}% 37
\BOOKMARK [2][-]{subsection.7.2}{\376\377\000F\000O\000P\000L\000\040\000R\000e\000p\000r\000e\000s\000e\000n\000t\000a\000t\000i\000o\000n}{section.7}% 38
\BOOKMARK [2][-]{subsection.7.3}{\376\377\000P\000r\000o\000l\000o\000g\000\040\000I\000m\000p\000l\000e\000m\000e\000n\000t\000a\000t\000i\000o\000n\000\040\000\050\000B\000a\000c\000k\000w\000a\000r\000d\000\040\000C\000h\000a\000i\000n\000i\000n\000g\000\051}{section.7}% 39
\BOOKMARK [2][-]{subsection.7.4}{\376\377\000B\000a\000c\000k\000w\000a\000r\000d\000\040\000C\000h\000a\000i\000n\000i\000n\000g\000\040\000T\000r\000a\000c\000e}{section.7}% 40
\BOOKMARK [2][-]{subsection.7.5}{\376\377\000F\000o\000r\000w\000a\000r\000d\000\040\000C\000h\000a\000i\000n\000i\000n\000g\000\040\000T\000r\000a\000c\000e}{section.7}% 41
\BOOKMARK [2][-]{subsection.7.6}{\376\377\000F\000o\000r\000w\000a\000r\000d\000\040\000C\000h\000a\000i\000n\000i\000n\000g\000\040\000i\000n\000\040\000P\000r\000o\000l\000o\000g}{section.7}% 42
\BOOKMARK [2][-]{subsection.7.7}{\376\377\000O\000u\000t\000p\000u\000t}{section.7}% 43
\BOOKMARK [2][-]{subsection.7.8}{\376\377\000D\000i\000s\000c\000u\000s\000s\000i\000o\000n}{section.7}% 44
\BOOKMARK [1][-]{section.8}{\376\377\000S\000u\000m\000m\000a\000r\000y\000\040\000a\000n\000d\000\040\000C\000o\000m\000p\000a\000r\000a\000t\000i\000v\000e\000\040\000A\000n\000a\000l\000y\000s\000i\000s}{}% 45
\BOOKMARK [2][-]{subsection.8.1}{\376\377\000K\000e\000y\000\040\000O\000b\000s\000e\000r\000v\000a\000t\000i\000o\000n\000s}{section.8}% 46
\BOOKMARK [1][-]{section.9}{\376\377\000C\000o\000n\000c\000l\000u\000s\000i\000o\000n}{}% 47
\BOOKMARK [1][-]{section.10}{\376\377\000R\000e\000f\000e\000r\000e\000n\000c\000e\000s}{}% 48
